---
http_interactions:
- request:
    method: get
    uri: https://acme-staging-v02.api.letsencrypt.org/directory
    body:
      encoding: US-ASCII
      string: ''
    headers:
      User-Agent:
      - Acme::Client v2.0.15 (https://github.com/unixcharles/acme-client)
      Content-Type:
      - application/jose+json
      Accept-Encoding:
      - gzip;q=1.0,deflate;q=0.6,identity;q=0.3
      Accept:
      - "*/*"
  response:
    status:
      code: 200
      message: OK
    headers:
      Server:
      - nginx
      Date:
      - "<Date>"
      Content-Type:
      - application/json
      Content-Length:
      - '826'
      Connection:
      - keep-alive
      Cache-Control:
      - public, max-age=0, no-cache
      X-Frame-Options:
      - DENY
      Strict-Transport-Security:
      - max-age=604800
    body:
      encoding: UTF-8
      string: |-
        {
          "L4daYf6ADz8": "https://community.letsencrypt.org/t/adding-random-entries-to-the-directory/33417",
          "keyChange": "https://acme-staging-v02.api.letsencrypt.org/acme/key-change",
          "meta": {
            "caaIdentities": [
              "letsencrypt.org"
            ],
            "termsOfService": "https://letsencrypt.org/documents/LE-SA-v1.3-September-21-2022.pdf",
            "website": "https://letsencrypt.org/docs/staging-environment/"
          },
          "newAccount": "https://acme-staging-v02.api.letsencrypt.org/acme/new-acct",
          "newNonce": "https://acme-staging-v02.api.letsencrypt.org/acme/new-nonce",
          "newOrder": "https://acme-staging-v02.api.letsencrypt.org/acme/new-order",
          "renewalInfo": "https://acme-staging-v02.api.letsencrypt.org/draft-ietf-acme-ari-01/renewalInfo/",
          "revokeCert": "https://acme-staging-v02.api.letsencrypt.org/acme/revoke-cert"
        }
  recorded_at: Sat, 23 Dec 2023 17:16:27 GMT
- request:
    method: head
    uri: https://acme-staging-v02.api.letsencrypt.org/acme/new-nonce
    body:
      encoding: US-ASCII
      string: ''
    headers:
      User-Agent:
      - Acme::Client v2.0.15 (https://github.com/unixcharles/acme-client)
      Accept-Encoding:
      - gzip;q=1.0,deflate;q=0.6,identity;q=0.3
      Accept:
      - "*/*"
  response:
    status:
      code: 200
      message: OK
    headers:
      Server:
      - nginx
      Date:
      - "<Date>"
      Connection:
      - keep-alive
      Cache-Control:
      - public, max-age=0, no-cache
      Link:
      - <https://acme-staging-v02.api.letsencrypt.org/directory>;rel="index"
      Replay-Nonce:
      - "<Replay-Nonce>"
      X-Frame-Options:
      - DENY
      Strict-Transport-Security:
      - max-age=604800
    body:
      encoding: UTF-8
      string: ''
  recorded_at: Sat, 23 Dec 2023 17:16:27 GMT
- request:
    method: post
    uri: https://acme-staging-v02.api.letsencrypt.org/acme/new-acct
    body:
      encoding: UTF-8
      string: '{"protected":"eyJ0eXAiOiJKV1QiLCJhbGciOiJFUzI1NiIsIm5vbmNlIjoibU1wYldPbEw4MklXZ3pZLXlnenRGSzAwSFJCTWhlWHZwczA2ZjZ1emFwOTdMNGtDTW9rIiwidXJsIjoiaHR0cHM6Ly9hY21lLXN0YWdpbmctdjAyLmFwaS5sZXRzZW5jcnlwdC5vcmcvYWNtZS9uZXctYWNjdCIsImp3ayI6eyJjcnYiOiJQLTI1NiIsImt0eSI6IkVDIiwieCI6InItVjdPaU9YVExwNm5JRXBxUDZjdXJGYkVfMlFmX19UZjBuSC1PYW90UHMiLCJ5IjoiRVd3RDN1YTVCSnFCZHotaTlrSzg1T2Vva0gwT1UxN1ZIaFA1M200TmlkayJ9fQ","payload":"eyJjb250YWN0IjpbIm1haWx0bzpiZW5idXJrZXJ0QGFuY2hvci5kZXYiXSwidGVybXNPZlNlcnZpY2VBZ3JlZWQiOnRydWV9","signature":"re-SqGfFwNNsW6EELzAJq9jZkX3FUPhB_bY5k7gmJYuyJmvdtR-tsGv_gwvbFrHsxndpjsy9syXcKdcwV_uCuQ"}'
    headers:
      User-Agent:
      - Acme::Client v2.0.15 (https://github.com/unixcharles/acme-client)
      Content-Type:
      - application/jose+json
      Accept-Encoding:
      - gzip;q=1.0,deflate;q=0.6,identity;q=0.3
      Accept:
      - "*/*"
  response:
    status:
      code: 201
      message: Created
    headers:
      Server:
      - nginx
      Date:
      - "<Date>"
      Content-Type:
      - application/json
      Content-Length:
      - '323'
      Connection:
      - keep-alive
      Boulder-Requester:
      - "<Boulder-Requester>"
      Cache-Control:
      - public, max-age=0, no-cache
      Link:
      - <https://acme-staging-v02.api.letsencrypt.org/directory>;rel="index"
      - <https://letsencrypt.org/documents/LE-SA-v1.3-September-21-2022.pdf>;rel="terms-of-service"
      Location:
      - https://acme-staging-v02.api.letsencrypt.org/acme/acct/130000274
      Replay-Nonce:
      - "<Replay-Nonce>"
      X-Frame-Options:
      - DENY
      Strict-Transport-Security:
      - max-age=604800
    body:
      encoding: UTF-8
      string: |-
        {
          "key": {
            "kty": "EC",
            "crv": "P-256",
            "x": "r-V7OiOXTLp6nIEpqP6curFbE_2Qf__Tf0nH-OaotPs",
            "y": "EWwD3ua5BJqBdz-i9kK85OeokH0OU17VHhP53m4Nidk"
          },
          "contact": [
            "mailto:<EMAIL>"
          ],
          "initialIp": "<IP>",
          "createdAt": "2023-12-23T17:16:27.569965022Z",
          "status": "valid"
        }
  recorded_at: Sat, 23 Dec 2023 17:16:27 GMT
- request:
    method: get
    uri: https://acme-staging-v02.api.letsencrypt.org/directory
    body:
      encoding: US-ASCII
      string: ''
    headers:
      User-Agent:
      - Acme::Client v2.0.15 (https://github.com/unixcharles/acme-client)
      Content-Type:
      - application/jose+json
      Accept-Encoding:
      - gzip;q=1.0,deflate;q=0.6,identity;q=0.3
      Accept:
      - "*/*"
  response:
    status:
      code: 200
      message: OK
    headers:
      Server:
      - nginx
      Date:
      - "<Date>"
      Content-Type:
      - application/json
      Content-Length:
      - '826'
      Connection:
      - keep-alive
      Cache-Control:
      - public, max-age=0, no-cache
      X-Frame-Options:
      - DENY
      Strict-Transport-Security:
      - max-age=604800
    body:
      encoding: UTF-8
      string: |-
        {
          "4j83FLJkuHQ": "https://community.letsencrypt.org/t/adding-random-entries-to-the-directory/33417",
          "keyChange": "https://acme-staging-v02.api.letsencrypt.org/acme/key-change",
          "meta": {
            "caaIdentities": [
              "letsencrypt.org"
            ],
            "termsOfService": "https://letsencrypt.org/documents/LE-SA-v1.3-September-21-2022.pdf",
            "website": "https://letsencrypt.org/docs/staging-environment/"
          },
          "newAccount": "https://acme-staging-v02.api.letsencrypt.org/acme/new-acct",
          "newNonce": "https://acme-staging-v02.api.letsencrypt.org/acme/new-nonce",
          "newOrder": "https://acme-staging-v02.api.letsencrypt.org/acme/new-order",
          "renewalInfo": "https://acme-staging-v02.api.letsencrypt.org/draft-ietf-acme-ari-01/renewalInfo/",
          "revokeCert": "https://acme-staging-v02.api.letsencrypt.org/acme/revoke-cert"
        }
  recorded_at: Sat, 23 Dec 2023 17:16:27 GMT
- request:
    method: head
    uri: https://acme-staging-v02.api.letsencrypt.org/acme/new-nonce
    body:
      encoding: US-ASCII
      string: ''
    headers:
      User-Agent:
      - Acme::Client v2.0.15 (https://github.com/unixcharles/acme-client)
      Accept-Encoding:
      - gzip;q=1.0,deflate;q=0.6,identity;q=0.3
      Accept:
      - "*/*"
  response:
    status:
      code: 200
      message: OK
    headers:
      Server:
      - nginx
      Date:
      - "<Date>"
      Connection:
      - keep-alive
      Cache-Control:
      - public, max-age=0, no-cache
      Link:
      - <https://acme-staging-v02.api.letsencrypt.org/directory>;rel="index"
      Replay-Nonce:
      - "<Replay-Nonce>"
      X-Frame-Options:
      - DENY
      Strict-Transport-Security:
      - max-age=604800
    body:
      encoding: UTF-8
      string: ''
  recorded_at: Sat, 23 Dec 2023 17:16:28 GMT
- request:
    method: post
    uri: https://acme-staging-v02.api.letsencrypt.org/acme/new-order
    body:
      encoding: UTF-8
      string: '{"protected":"eyJ0eXAiOiJKV1QiLCJhbGciOiJFUzI1NiIsIm5vbmNlIjoibU1wYldPbExvU245U2NwRXUwR0xnQ2dUMmVoclNkaE92QWsyYXZ2R0JKdmczLXQ3SzkwIiwidXJsIjoiaHR0cHM6Ly9hY21lLXN0YWdpbmctdjAyLmFwaS5sZXRzZW5jcnlwdC5vcmcvYWNtZS9uZXctb3JkZXIiLCJraWQiOiJodHRwczovL2FjbWUtc3RhZ2luZy12MDIuYXBpLmxldHNlbmNyeXB0Lm9yZy9hY21lL2FjY3QvMTMwMDAwMjc0In0","payload":"eyJpZGVudGlmaWVycyI6W3sidHlwZSI6ImRucyIsInZhbHVlIjoicHVtYS1hY21lLnNvbWUtZG9tYWluLXRoYXQtZG9lcy1ub3QtZXhpc3QubG9sIn1dfQ","signature":"VfdKO4CXsc1TT5yWuWavnvRv09dUJNBPiJyCB-Mi9KVyHccFWZL2JMZiAZsBE3xAgJN2WrsI-hpMa4E2fbPc-g"}'
    headers:
      User-Agent:
      - Acme::Client v2.0.15 (https://github.com/unixcharles/acme-client)
      Content-Type:
      - application/jose+json
      Accept-Encoding:
      - gzip;q=1.0,deflate;q=0.6,identity;q=0.3
      Accept:
      - "*/*"
  response:
    status:
      code: 201
      message: Created
    headers:
      Server:
      - nginx
      Date:
      - "<Date>"
      Content-Type:
      - application/json
      Content-Length:
      - '384'
      Connection:
      - keep-alive
      Boulder-Requester:
      - "<Boulder-Requester>"
      Cache-Control:
      - public, max-age=0, no-cache
      Link:
      - <https://acme-staging-v02.api.letsencrypt.org/directory>;rel="index"
      Location:
      - https://acme-staging-v02.api.letsencrypt.org/acme/order/130000274/13165044074
      Replay-Nonce:
      - "<Replay-Nonce>"
      X-Frame-Options:
      - DENY
      Strict-Transport-Security:
      - max-age=604800
    body:
      encoding: UTF-8
      string: |-
        {
          "status": "pending",
          "expires": "2023-12-30T17:16:28Z",
          "identifiers": [
            {
              "type": "dns",
              "value": "puma-acme.some-domain-that-does-not-exist.lol"
            }
          ],
          "authorizations": [
            "https://acme-staging-v02.api.letsencrypt.org/acme/authz-v3/10212788944"
          ],
          "finalize": "https://acme-staging-v02.api.letsencrypt.org/acme/finalize/130000274/13165044074"
        }
  recorded_at: Sat, 23 Dec 2023 17:16:28 GMT
- request:
    method: post
    uri: https://acme-staging-v02.api.letsencrypt.org/acme/authz-v3/10212788944
    body:
      encoding: UTF-8
      string: '{"protected":"eyJ0eXAiOiJKV1QiLCJhbGciOiJFUzI1NiIsIm5vbmNlIjoibU1wYldPbExYTE04T2ZHc3lQbWJMQ2VGUTI4SXZqLU9JMTJUbzkyV25wdHNWUkZJbTFvIiwidXJsIjoiaHR0cHM6Ly9hY21lLXN0YWdpbmctdjAyLmFwaS5sZXRzZW5jcnlwdC5vcmcvYWNtZS9hdXRoei12My8xMDIxMjc4ODk0NCIsImtpZCI6Imh0dHBzOi8vYWNtZS1zdGFnaW5nLXYwMi5hcGkubGV0c2VuY3J5cHQub3JnL2FjbWUvYWNjdC8xMzAwMDAyNzQifQ","payload":"","signature":"zuoxzpAb_ZnTqYMO_L7CU3T5Na9PdQL6ZOdBp3aQxrge8TYOyUHm9suUiFXhzZ5OPEq--0cfDB845RbQvSAeTQ"}'
    headers:
      User-Agent:
      - Acme::Client v2.0.15 (https://github.com/unixcharles/acme-client)
      Content-Type:
      - application/jose+json
      Accept-Encoding:
      - gzip;q=1.0,deflate;q=0.6,identity;q=0.3
      Accept:
      - "*/*"
  response:
    status:
      code: 200
      message: OK
    headers:
      Server:
      - nginx
      Date:
      - "<Date>"
      Content-Type:
      - application/json
      Content-Length:
      - '850'
      Connection:
      - keep-alive
      Boulder-Requester:
      - "<Boulder-Requester>"
      Cache-Control:
      - public, max-age=0, no-cache
      Link:
      - <https://acme-staging-v02.api.letsencrypt.org/directory>;rel="index"
      Replay-Nonce:
      - "<Replay-Nonce>"
      X-Frame-Options:
      - DENY
      Strict-Transport-Security:
      - max-age=604800
    body:
      encoding: UTF-8
      string: |-
        {
          "identifier": {
            "type": "dns",
            "value": "puma-acme.some-domain-that-does-not-exist.lol"
          },
          "status": "pending",
          "expires": "2023-12-30T17:16:28Z",
          "challenges": [
            {
              "type": "http-01",
              "status": "pending",
              "url": "https://acme-staging-v02.api.letsencrypt.org/acme/chall-v3/10212788944/zhuEJQ",
              "token": "xLXuFAi0Adf1QPhi7o-ErqTJuoNhIIfSwUIaWTftciM"
            },
            {
              "type": "dns-01",
              "status": "pending",
              "url": "https://acme-staging-v02.api.letsencrypt.org/acme/chall-v3/10212788944/tatgZA",
              "token": "xLXuFAi0Adf1QPhi7o-ErqTJuoNhIIfSwUIaWTftciM"
            },
            {
              "type": "tls-alpn-01",
              "status": "pending",
              "url": "https://acme-staging-v02.api.letsencrypt.org/acme/chall-v3/10212788944/F2f50A",
              "token": "xLXuFAi0Adf1QPhi7o-ErqTJuoNhIIfSwUIaWTftciM"
            }
          ]
        }
  recorded_at: Sat, 23 Dec 2023 17:16:28 GMT
- request:
    method: post
    uri: https://acme-staging-v02.api.letsencrypt.org/acme/chall-v3/10212788944/zhuEJQ
    body:
      encoding: UTF-8
      string: '{"protected":"eyJ0eXAiOiJKV1QiLCJhbGciOiJFUzI1NiIsIm5vbmNlIjoicmswMlJIOTZsNkJRN1p2Z1M0b01NcGZ4YTdLcUo4cUlORDZlSFhzVDg5aEZmODF1ZFRZIiwidXJsIjoiaHR0cHM6Ly9hY21lLXN0YWdpbmctdjAyLmFwaS5sZXRzZW5jcnlwdC5vcmcvYWNtZS9jaGFsbC12My8xMDIxMjc4ODk0NC96aHVFSlEiLCJraWQiOiJodHRwczovL2FjbWUtc3RhZ2luZy12MDIuYXBpLmxldHNlbmNyeXB0Lm9yZy9hY21lL2FjY3QvMTMwMDAwMjc0In0","payload":"e30","signature":"mS9Ow4dg-PqJs_M91ATQ8_BXABKaf3Jb6ESJjEAyQ0-cTFG6kxxQYkAtDJDMPCoJeUTVHZaQWc7njvG0-7DTsQ"}'
    headers:
      User-Agent:
      - Acme::Client v2.0.15 (https://github.com/unixcharles/acme-client)
      Content-Type:
      - application/jose+json
      Accept-Encoding:
      - gzip;q=1.0,deflate;q=0.6,identity;q=0.3
      Accept:
      - "*/*"
  response:
    status:
      code: 200
      message: OK
    headers:
      Server:
      - nginx
      Date:
      - "<Date>"
      Content-Type:
      - application/json
      Content-Length:
      - '194'
      Connection:
      - keep-alive
      Boulder-Requester:
      - "<Boulder-Requester>"
      Cache-Control:
      - public, max-age=0, no-cache
      Link:
      - <https://acme-staging-v02.api.letsencrypt.org/acme/authz-v3/10212788944>;rel="up"
      - <https://acme-staging-v02.api.letsencrypt.org/directory>;rel="index"
      Location:
      - https://acme-staging-v02.api.letsencrypt.org/acme/chall-v3/10212788944/zhuEJQ
      Replay-Nonce:
      - "<Replay-Nonce>"
      X-Frame-Options:
      - DENY
      Strict-Transport-Security:
      - max-age=604800
    body:
      encoding: UTF-8
      string: |-
        {
          "type": "http-01",
          "status": "pending",
          "url": "https://acme-staging-v02.api.letsencrypt.org/acme/chall-v3/10212788944/zhuEJQ",
          "token": "xLXuFAi0Adf1QPhi7o-ErqTJuoNhIIfSwUIaWTftciM"
        }
  recorded_at: Sat, 23 Dec 2023 17:16:28 GMT
recorded_with: VCR 6.2.0
